AR register_file behavioral C:/Users/Jason/Desktop/SKRIPSI/PROJECT/Final/register_file.vhd sub00/vhpl23 1582354805
AR ii_address_calculator behavioral C:/Users/Jason/Desktop/SKRIPSI/PROJECT/Final/ii_address_calculator.vhd sub00/vhpl29 1582354813
EN rect0_w_rom NULL C:/Users/Jason/Desktop/SKRIPSI/PROJECT/Final/ipcore_dir/rect0_w_rom.vhd sub00/vhpl60 1582354840
AR image_buffer image_buffer_a C:/Users/Jason/Desktop/SKRIPSI/PROJECT/Final/ipcore_dir/image_buffer.vhd sub00/vhpl03 1582354873
AR processing_top behavioral C:/Users/Jason/Desktop/SKRIPSI/PROJECT/Final/processing_top.vhd sub00/vhpl41 1582354881
EN weakstagenum_rom NULL C:/Users/Jason/Desktop/SKRIPSI/PROJECT/Final/ipcore_dir/weakStageNum_rom.vhd sub00/vhpl48 1582354828
EN rect1_weight_rom NULL C:/Users/Jason/Desktop/SKRIPSI/PROJECT/Final/ipcore_dir/rect1_weight_rom.vhd sub00/vhpl74 1582354854
AR counter behavioral C:/Users/Jason/Desktop/SKRIPSI/PROJECT/Final/counter.vhd sub00/vhpl37 1582354817
EN ii_ram_buffer NULL C:/Users/Jason/Desktop/SKRIPSI/PROJECT/Final/ipcore_dir/ii_ram_buffer.vhd sub00/vhpl16 1582354876
EN image_buffer NULL C:/Users/Jason/Desktop/SKRIPSI/PROJECT/Final/ipcore_dir/image_buffer.vhd sub00/vhpl02 1582354872
AR iix2_ram_buffer iix2_ram_buffer_a C:/Users/Jason/Desktop/SKRIPSI/PROJECT/Final/ipcore_dir/iix2_ram_buffer.vhd sub00/vhpl19 1582354879
AR iix2_address_decoder behavioral C:/Users/Jason/Desktop/SKRIPSI/PROJECT/Final/iix2_address_decoder.vhd sub00/vhpl35 1582354825
AR rgb2grey behavioral C:/Users/Jason/Desktop/SKRIPSI/PROJECT/Final/rgb2grey.vhd sub00/vhpl13 1582354869
EN rect2_x_rom NULL C:/Users/Jason/Desktop/SKRIPSI/PROJECT/Final/ipcore_dir/rect2_x_rom.vhd sub00/vhpl76 1582354856
EN strongthresh_rom NULL C:/Users/Jason/Desktop/SKRIPSI/PROJECT/Final/ipcore_dir/strongThresh_rom.vhd sub00/vhpl46 1582354826
AR rect2_y_rom rect2_y_rom_a C:/Users/Jason/Desktop/SKRIPSI/PROJECT/Final/ipcore_dir/rect2_y_rom.vhd sub00/vhpl79 1582354859
EN rect1_x_rom NULL C:/Users/Jason/Desktop/SKRIPSI/PROJECT/Final/ipcore_dir/rect1_x_rom.vhd sub00/vhpl66 1582354846
AR register_file_4 behavioral C:/Users/Jason/Desktop/SKRIPSI/PROJECT/Final/register_file_4.vhd sub00/vhpl25 1582354807
EN leftleaves_rom NULL C:/Users/Jason/Desktop/SKRIPSI/PROJECT/Final/ipcore_dir/leftLeaves_rom.vhd sub00/vhpl52 1582354832
EN feature_calc NULL C:/Users/Jason/Desktop/SKRIPSI/PROJECT/Final/feature_calc.vhd sub00/vhpl26 1582354808
AR sqrt sqrt_a C:/Users/Jason/Desktop/SKRIPSI/PROJECT/Final/ipcore_dir/sqrt.vhd sub00/vhpl45 1582354801
AR rect1_x_rom rect1_x_rom_a C:/Users/Jason/Desktop/SKRIPSI/PROJECT/Final/ipcore_dir/rect1_x_rom.vhd sub00/vhpl67 1582354847
EN rect0_x_rom NULL C:/Users/Jason/Desktop/SKRIPSI/PROJECT/Final/ipcore_dir/rect0_x_rom.vhd sub00/vhpl56 1582354836
AR mux2to1_nbit behavioral C:/Users/Jason/Desktop/SKRIPSI/PROJECT/Final/mux2to1_nbit.vhd sub00/vhpl97 1582354893
EN ii_offset NULL C:/Users/Jason/Desktop/SKRIPSI/PROJECT/Final/ii_offset.vhd sub00/vhpl30 1582354820
EN fifo_box_buff NULL C:/Users/Jason/Desktop/SKRIPSI/PROJECT/Revisi1/ipcore_dir/FIFO_box_buff.vhd sub00/vhpl86 1579814288
AR draw behavioral C:/Users/Jason/Desktop/SKRIPSI/PROJECT/Final/draw.vhd sub00/vhpl91 1582354883
AR vga_color behavioral C:/Users/Jason/Desktop/SKRIPSI/PROJECT/Final/vga_color.vhd sub00/vhpl09 1582354889
AR rect0_w_rom rect0_w_rom_a C:/Users/Jason/Desktop/SKRIPSI/PROJECT/Final/ipcore_dir/rect0_w_rom.vhd sub00/vhpl61 1582354841
EN mux2to1_1bit NULL C:/Users/Jason/Desktop/SKRIPSI/PROJECT/Final/mux2to1_1bit.vhd sub00/vhpl94 1582354890
AR clk_pll behavioral C:/Users/Jason/Desktop/SKRIPSI/PROJECT/Final/clk_pll.vhd sub00/vhpl11 1582354871
AR rect1_h_rom rect1_h_rom_a C:/Users/Jason/Desktop/SKRIPSI/PROJECT/Final/ipcore_dir/rect1_h_rom.vhd sub00/vhpl73 1582354853
EN rect2_h_rom NULL C:/Users/Jason/Desktop/SKRIPSI/PROJECT/Final/ipcore_dir/rect2_h_rom.vhd sub00/vhpl82 1582354862
AR strongthresh_rom strongthresh_rom_a C:/Users/Jason/Desktop/SKRIPSI/PROJECT/Final/ipcore_dir/strongThresh_rom.vhd sub00/vhpl47 1582354827
EN rect1_h_rom NULL C:/Users/Jason/Desktop/SKRIPSI/PROJECT/Final/ipcore_dir/rect1_h_rom.vhd sub00/vhpl72 1582354852
EN iix2_address_decoder NULL C:/Users/Jason/Desktop/SKRIPSI/PROJECT/Final/iix2_address_decoder.vhd sub00/vhpl34 1582354824
EN rect2_y_rom NULL C:/Users/Jason/Desktop/SKRIPSI/PROJECT/Final/ipcore_dir/rect2_y_rom.vhd sub00/vhpl78 1582354858
AR rightleaves_rom rightleaves_rom_a C:/Users/Jason/Desktop/SKRIPSI/PROJECT/Final/ipcore_dir/rightLeaves_rom.vhd sub00/vhpl55 1582354835
EN rect0_h_rom NULL C:/Users/Jason/Desktop/SKRIPSI/PROJECT/Final/ipcore_dir/rect0_h_rom.vhd sub00/vhpl62 1582354842
EN rect1_y_rom NULL C:/Users/Jason/Desktop/SKRIPSI/PROJECT/Final/ipcore_dir/rect1_y_rom.vhd sub00/vhpl68 1582354848
AR synch_counter behavioral C:/Users/Jason/Desktop/SKRIPSI/PROJECT/Final/synch_counter.vhd sub00/vhpl89 1582354819
EN register_file_4 NULL C:/Users/Jason/Desktop/SKRIPSI/PROJECT/Final/register_file_4.vhd sub00/vhpl24 1582354806
EN processing_top NULL C:/Users/Jason/Desktop/SKRIPSI/PROJECT/Final/processing_top.vhd sub00/vhpl40 1582354880
EN top NULL C:/Users/Jason/Desktop/SKRIPSI/PROJECT/Final/top.vhd sub00/vhpl00 1582354894
AR ii_ram_buffer ii_ram_buffer_a C:/Users/Jason/Desktop/SKRIPSI/PROJECT/Final/ipcore_dir/ii_ram_buffer.vhd sub00/vhpl17 1582354877
EN rect0_y_rom NULL C:/Users/Jason/Desktop/SKRIPSI/PROJECT/Final/ipcore_dir/rect0_y_rom.vhd sub00/vhpl58 1582354838
EN clk_pll NULL C:/Users/Jason/Desktop/SKRIPSI/PROJECT/Final/clk_pll.vhd sub00/vhpl10 1582354870
EN vga_color NULL C:/Users/Jason/Desktop/SKRIPSI/PROJECT/Final/vga_color.vhd sub00/vhpl08 1582354888
AR fifo_box_buff fifo_box_buff_a C:/Users/Jason/Desktop/SKRIPSI/PROJECT/Revisi1/ipcore_dir/FIFO_box_buff.vhd sub00/vhpl87 1579814289
EN rgb2grey NULL C:/Users/Jason/Desktop/SKRIPSI/PROJECT/Final/rgb2grey.vhd sub00/vhpl12 1582354868
EN rect2_weight_rom NULL C:/Users/Jason/Desktop/SKRIPSI/PROJECT/Final/ipcore_dir/rect2_weight_rom.vhd sub00/vhpl84 1582354864
EN variance_calc NULL C:/Users/Jason/Desktop/SKRIPSI/PROJECT/Final/variance_calc.vhd sub00/vhpl42 1582354810
AR leftleaves_rom leftleaves_rom_a C:/Users/Jason/Desktop/SKRIPSI/PROJECT/Final/ipcore_dir/leftLeaves_rom.vhd sub00/vhpl53 1582354833
EN counter NULL C:/Users/Jason/Desktop/SKRIPSI/PROJECT/Final/counter.vhd sub00/vhpl36 1582354816
AR rect1_y_rom rect1_y_rom_a C:/Users/Jason/Desktop/SKRIPSI/PROJECT/Final/ipcore_dir/rect1_y_rom.vhd sub00/vhpl69 1582354849
EN register_file NULL C:/Users/Jason/Desktop/SKRIPSI/PROJECT/Final/register_file.vhd sub00/vhpl22 1582354804
AR mux2to1_1bit behavioral C:/Users/Jason/Desktop/SKRIPSI/PROJECT/Final/mux2to1_1bit.vhd sub00/vhpl95 1582354891
AR weaktresh_rom weaktresh_rom_a C:/Users/Jason/Desktop/SKRIPSI/PROJECT/Final/ipcore_dir/weakTresh_rom.vhd sub00/vhpl51 1582354831
AR rect2_w_rom rect2_w_rom_a C:/Users/Jason/Desktop/SKRIPSI/PROJECT/Final/ipcore_dir/rect2_w_rom.vhd sub00/vhpl81 1582354861
AR rect0_x_rom rect0_x_rom_a C:/Users/Jason/Desktop/SKRIPSI/PROJECT/Final/ipcore_dir/rect0_x_rom.vhd sub00/vhpl57 1582354837
EN rect0_weight_rom NULL C:/Users/Jason/Desktop/SKRIPSI/PROJECT/Final/ipcore_dir/rect0_weight_rom.vhd sub00/vhpl64 1582354844
AR variance_calc behavioral C:/Users/Jason/Desktop/SKRIPSI/PROJECT/Final/variance_calc.vhd sub00/vhpl43 1582354811
AR f_rect_calc behavioral C:/Users/Jason/Desktop/SKRIPSI/PROJECT/Final/f_rect_calc.vhd sub00/vhpl21 1582354803
AR rect1_weight_rom rect1_weight_rom_a C:/Users/Jason/Desktop/SKRIPSI/PROJECT/Final/ipcore_dir/rect1_weight_rom.vhd sub00/vhpl75 1582354855
EN klasifikasi NULL C:/Users/Jason/Desktop/SKRIPSI/PROJECT/Final/klasifikasi.vhd sub00/vhpl38 1582354866
EN draw NULL C:/Users/Jason/Desktop/SKRIPSI/PROJECT/Final/draw.vhd sub00/vhpl90 1582354882
EN fifo2 NULL C:/Users/Jason/Desktop/SKRIPSI/PROJECT/Final/ipcore_dir/fifo2.vhd sub00/vhpl92 1582354814
AR fifo2 fifo2_a C:/Users/Jason/Desktop/SKRIPSI/PROJECT/Final/ipcore_dir/fifo2.vhd sub00/vhpl93 1582354815
EN vga_timing NULL C:/Users/Jason/Desktop/SKRIPSI/PROJECT/Final/vga_timing.vhd sub00/vhpl06 1582354886
EN sqrt NULL C:/Users/Jason/Desktop/SKRIPSI/PROJECT/Final/ipcore_dir/sqrt.vhd sub00/vhpl44 1582354800
AR address_decoder behavioral C:/Users/Jason/Desktop/SKRIPSI/PROJECT/Final/address_decoder.vhd sub00/vhpl33 1582354823
AR feature_calc behavioral C:/Users/Jason/Desktop/SKRIPSI/PROJECT/Final/feature_calc.vhd sub00/vhpl27 1582354809
AR rect0_h_rom rect0_h_rom_a C:/Users/Jason/Desktop/SKRIPSI/PROJECT/Final/ipcore_dir/rect0_h_rom.vhd sub00/vhpl63 1582354843
AR vga_addr_gen behavioral C:/Users/Jason/Desktop/SKRIPSI/PROJECT/Final/vga_addr_gen.vhd sub00/vhpl05 1582354885
AR vga_timing behavioral C:/Users/Jason/Desktop/SKRIPSI/PROJECT/Final/vga_timing.vhd sub00/vhpl07 1582354887
EN vga_addr_gen NULL C:/Users/Jason/Desktop/SKRIPSI/PROJECT/Final/vga_addr_gen.vhd sub00/vhpl04 1582354884
EN weaktresh_rom NULL C:/Users/Jason/Desktop/SKRIPSI/PROJECT/Final/ipcore_dir/weakTresh_rom.vhd sub00/vhpl50 1582354830
AR rect2_weight_rom rect2_weight_rom_a C:/Users/Jason/Desktop/SKRIPSI/PROJECT/Final/ipcore_dir/rect2_weight_rom.vhd sub00/vhpl85 1582354865
EN ii_gen_top NULL C:/Users/Jason/Desktop/SKRIPSI/PROJECT/Final/ii_gen_top.vhd sub00/vhpl14 1582354874
EN ii_address_calculator NULL C:/Users/Jason/Desktop/SKRIPSI/PROJECT/Final/ii_address_calculator.vhd sub00/vhpl28 1582354812
AR klasifikasi behavioral C:/Users/Jason/Desktop/SKRIPSI/PROJECT/Final/klasifikasi.vhd sub00/vhpl39 1582354867
EN mux2to1_nbit NULL C:/Users/Jason/Desktop/SKRIPSI/PROJECT/Final/mux2to1_nbit.vhd sub00/vhpl96 1582354892
EN address_decoder NULL C:/Users/Jason/Desktop/SKRIPSI/PROJECT/Final/address_decoder.vhd sub00/vhpl32 1582354822
AR rect2_x_rom rect2_x_rom_a C:/Users/Jason/Desktop/SKRIPSI/PROJECT/Final/ipcore_dir/rect2_x_rom.vhd sub00/vhpl77 1582354857
AR ii_offset behavioral C:/Users/Jason/Desktop/SKRIPSI/PROJECT/Final/ii_offset.vhd sub00/vhpl31 1582354821
AR rect0_y_rom rect0_y_rom_a C:/Users/Jason/Desktop/SKRIPSI/PROJECT/Final/ipcore_dir/rect0_y_rom.vhd sub00/vhpl59 1582354839
AR weakstagenum_rom weakstagenum_rom_a C:/Users/Jason/Desktop/SKRIPSI/PROJECT/Final/ipcore_dir/weakStageNum_rom.vhd sub00/vhpl49 1582354829
EN rightleaves_rom NULL C:/Users/Jason/Desktop/SKRIPSI/PROJECT/Final/ipcore_dir/rightLeaves_rom.vhd sub00/vhpl54 1582354834
EN rect2_w_rom NULL C:/Users/Jason/Desktop/SKRIPSI/PROJECT/Final/ipcore_dir/rect2_w_rom.vhd sub00/vhpl80 1582354860
AR rect1_w_rom rect1_w_rom_a C:/Users/Jason/Desktop/SKRIPSI/PROJECT/Final/ipcore_dir/rect1_w_rom.vhd sub00/vhpl71 1582354851
AR top behavioral C:/Users/Jason/Desktop/SKRIPSI/PROJECT/Final/top.vhd sub00/vhpl01 1582354895
EN synch_counter NULL C:/Users/Jason/Desktop/SKRIPSI/PROJECT/Final/synch_counter.vhd sub00/vhpl88 1582354818
EN iix2_ram_buffer NULL C:/Users/Jason/Desktop/SKRIPSI/PROJECT/Final/ipcore_dir/iix2_ram_buffer.vhd sub00/vhpl18 1582354878
AR rect0_weight_rom rect0_weight_rom_a C:/Users/Jason/Desktop/SKRIPSI/PROJECT/Final/ipcore_dir/rect0_weight_rom.vhd sub00/vhpl65 1582354845
EN rect1_w_rom NULL C:/Users/Jason/Desktop/SKRIPSI/PROJECT/Final/ipcore_dir/rect1_w_rom.vhd sub00/vhpl70 1582354850
AR ii_gen_top behavioral C:/Users/Jason/Desktop/SKRIPSI/PROJECT/Final/ii_gen_top.vhd sub00/vhpl15 1582354875
EN f_rect_calc NULL C:/Users/Jason/Desktop/SKRIPSI/PROJECT/Final/f_rect_calc.vhd sub00/vhpl20 1582354802
AR rect2_h_rom rect2_h_rom_a C:/Users/Jason/Desktop/SKRIPSI/PROJECT/Final/ipcore_dir/rect2_h_rom.vhd sub00/vhpl83 1582354863
