V3 293
FL C:/Users/Jason/Desktop/SKRIPSI/PROJECT/Final/address_decoder.vhd 2020/01/23.14:34:24 P.20131013
EN work/address_decoder 1582354822 \
      FL C:/Users/Jason/Desktop/SKRIPSI/PROJECT/Final/address_decoder.vhd \
      PB ieee/std_logic_1164 1381692176 PB ieee/NUMERIC_STD 1381692181
AR work/address_decoder/Behavioral 1582354823 \
      FL C:/Users/Jason/Desktop/SKRIPSI/PROJECT/Final/address_decoder.vhd \
      EN work/address_decoder 1582354822 CP ii_address_calculator
FL C:/Users/Jason/Desktop/SKRIPSI/PROJECT/Final/clk_pll.vhd 2020/01/22.02:48:57 P.20131013
EN work/clk_pll 1582354870 \
      FL C:/Users/Jason/Desktop/SKRIPSI/PROJECT/Final/clk_pll.vhd \
      PB ieee/std_logic_1164 1381692176 PB ieee/NUMERIC_STD 1381692181 LB UNISIM \
      PH unisim/VCOMPONENTS 1381692182
AR work/clk_pll/BEHAVIORAL 1582354871 \
      FL C:/Users/Jason/Desktop/SKRIPSI/PROJECT/Final/clk_pll.vhd EN work/clk_pll 1582354870 \
      CP BUFG CP DCM_SP
FL C:/Users/Jason/Desktop/SKRIPSI/PROJECT/Final/counter.vhd 2020/02/18.18:09:20 P.20131013
EN work/counter 1582354816 \
      FL C:/Users/Jason/Desktop/SKRIPSI/PROJECT/Final/counter.vhd \
      PB ieee/std_logic_1164 1381692176 PB ieee/NUMERIC_STD 1381692181
AR work/counter/Behavioral 1582354817 \
      FL C:/Users/Jason/Desktop/SKRIPSI/PROJECT/Final/counter.vhd EN work/counter 1582354816
FL C:/Users/Jason/Desktop/SKRIPSI/PROJECT/Final/draw.vhd 2020/02/22.13:59:55 P.20131013
EN work/draw 1582354882 FL C:/Users/Jason/Desktop/SKRIPSI/PROJECT/Final/draw.vhd \
      PB ieee/std_logic_1164 1381692176 PB ieee/NUMERIC_STD 1381692181
AR work/draw/Behavioral 1582354883 \
      FL C:/Users/Jason/Desktop/SKRIPSI/PROJECT/Final/draw.vhd EN work/draw 1582354882 \
      CP fifo2 CP counter CP synch_counter
FL C:/Users/Jason/Desktop/SKRIPSI/PROJECT/Final/feature_calc.vhd 2020/01/23.14:05:09 P.20131013
EN work/feature_calc 1582354808 \
      FL C:/Users/Jason/Desktop/SKRIPSI/PROJECT/Final/feature_calc.vhd \
      PB ieee/std_logic_1164 1381692176 PB ieee/NUMERIC_STD 1381692181
AR work/feature_calc/Behavioral 1582354809 \
      FL C:/Users/Jason/Desktop/SKRIPSI/PROJECT/Final/feature_calc.vhd \
      EN work/feature_calc 1582354808 CP f_rect_calc
FL C:/Users/Jason/Desktop/SKRIPSI/PROJECT/Final/f_rect_calc.vhd 2020/01/23.14:03:57 P.20131013
EN work/f_rect_calc 1582354802 \
      FL C:/Users/Jason/Desktop/SKRIPSI/PROJECT/Final/f_rect_calc.vhd \
      PB ieee/std_logic_1164 1381692176 PB ieee/NUMERIC_STD 1381692181
AR work/f_rect_calc/Behavioral 1582354803 \
      FL C:/Users/Jason/Desktop/SKRIPSI/PROJECT/Final/f_rect_calc.vhd \
      EN work/f_rect_calc 1582354802
FL C:/Users/Jason/Desktop/SKRIPSI/PROJECT/Final/iix2_address_decoder.vhd 2020/01/23.14:37:06 P.20131013
EN work/iix2_address_decoder 1582354824 \
      FL C:/Users/Jason/Desktop/SKRIPSI/PROJECT/Final/iix2_address_decoder.vhd \
      PB ieee/std_logic_1164 1381692176 PB ieee/NUMERIC_STD 1381692181
AR work/iix2_address_decoder/Behavioral 1582354825 \
      FL C:/Users/Jason/Desktop/SKRIPSI/PROJECT/Final/iix2_address_decoder.vhd \
      EN work/iix2_address_decoder 1582354824
FL C:/Users/Jason/Desktop/SKRIPSI/PROJECT/Final/ii_address_calculator.vhd 2020/01/23.14:30:11 P.20131013
EN work/ii_address_calculator 1582354812 \
      FL C:/Users/Jason/Desktop/SKRIPSI/PROJECT/Final/ii_address_calculator.vhd \
      PB ieee/std_logic_1164 1381692176 PB ieee/NUMERIC_STD 1381692181
AR work/ii_address_calculator/Behavioral 1582354813 \
      FL C:/Users/Jason/Desktop/SKRIPSI/PROJECT/Final/ii_address_calculator.vhd \
      EN work/ii_address_calculator 1582354812
FL C:/Users/Jason/Desktop/SKRIPSI/PROJECT/Final/ii_gen_top.vhd 2020/02/22.13:38:33 P.20131013
EN work/ii_gen_top 1582354874 \
      FL C:/Users/Jason/Desktop/SKRIPSI/PROJECT/Final/ii_gen_top.vhd \
      PB ieee/std_logic_1164 1381692176 PB ieee/NUMERIC_STD 1381692181
AR work/ii_gen_top/Behavioral 1582354875 \
      FL C:/Users/Jason/Desktop/SKRIPSI/PROJECT/Final/ii_gen_top.vhd \
      EN work/ii_gen_top 1582354874 CP rgb2grey
FL C:/Users/Jason/Desktop/SKRIPSI/PROJECT/Final/ii_offset.vhd 2020/01/30.02:38:55 P.20131013
EN work/ii_offset 1582354820 \
      FL C:/Users/Jason/Desktop/SKRIPSI/PROJECT/Final/ii_offset.vhd \
      PB ieee/std_logic_1164 1381692176 PB ieee/NUMERIC_STD 1381692181
AR work/ii_offset/Behavioral 1582354821 \
      FL C:/Users/Jason/Desktop/SKRIPSI/PROJECT/Final/ii_offset.vhd \
      EN work/ii_offset 1582354820
FL C:/Users/Jason/Desktop/SKRIPSI/PROJECT/Final/ipcore_dir/fifo2.vhd 2020/01/24.13:39:48 P.20131013
EN work/fifo2 1582354814 \
      FL C:/Users/Jason/Desktop/SKRIPSI/PROJECT/Final/ipcore_dir/fifo2.vhd \
      PB ieee/std_logic_1164 1381692176
AR work/fifo2/fifo2_a 1582354815 \
      FL C:/Users/Jason/Desktop/SKRIPSI/PROJECT/Final/ipcore_dir/fifo2.vhd \
      EN work/fifo2 1582354814
FL C:/Users/Jason/Desktop/SKRIPSI/PROJECT/Final/ipcore_dir/iix2_ram_buffer.vhd 2020/01/22.15:18:59 P.20131013
EN work/iix2_ram_buffer 1582354878 \
      FL C:/Users/Jason/Desktop/SKRIPSI/PROJECT/Final/ipcore_dir/iix2_ram_buffer.vhd \
      PB ieee/std_logic_1164 1381692176
AR work/iix2_ram_buffer/iix2_ram_buffer_a 1582354879 \
      FL C:/Users/Jason/Desktop/SKRIPSI/PROJECT/Final/ipcore_dir/iix2_ram_buffer.vhd \
      EN work/iix2_ram_buffer 1582354878
FL C:/Users/Jason/Desktop/SKRIPSI/PROJECT/Final/ipcore_dir/ii_ram_buffer.vhd 2020/01/22.15:12:08 P.20131013
EN work/ii_ram_buffer 1582354876 \
      FL C:/Users/Jason/Desktop/SKRIPSI/PROJECT/Final/ipcore_dir/ii_ram_buffer.vhd \
      PB ieee/std_logic_1164 1381692176
AR work/ii_ram_buffer/ii_ram_buffer_a 1582354877 \
      FL C:/Users/Jason/Desktop/SKRIPSI/PROJECT/Final/ipcore_dir/ii_ram_buffer.vhd \
      EN work/ii_ram_buffer 1582354876
FL C:/Users/Jason/Desktop/SKRIPSI/PROJECT/Final/ipcore_dir/image_buffer.vhd 2020/02/04.12:35:09 P.20131013
EN work/image_buffer 1582354872 \
      FL C:/Users/Jason/Desktop/SKRIPSI/PROJECT/Final/ipcore_dir/image_buffer.vhd \
      PB ieee/std_logic_1164 1381692176
AR work/image_buffer/image_buffer_a 1582354873 \
      FL C:/Users/Jason/Desktop/SKRIPSI/PROJECT/Final/ipcore_dir/image_buffer.vhd \
      EN work/image_buffer 1582354872
FL C:/Users/Jason/Desktop/SKRIPSI/PROJECT/Final/ipcore_dir/leftLeaves_rom.vhd 2020/01/02.22:42:28 P.20131013
EN work/leftLeaves_rom 1582354832 \
      FL C:/Users/Jason/Desktop/SKRIPSI/PROJECT/Final/ipcore_dir/leftLeaves_rom.vhd \
      PB ieee/std_logic_1164 1381692176
AR work/leftLeaves_rom/leftLeaves_rom_a 1582354833 \
      FL C:/Users/Jason/Desktop/SKRIPSI/PROJECT/Final/ipcore_dir/leftLeaves_rom.vhd \
      EN work/leftLeaves_rom 1582354832
FL C:/Users/Jason/Desktop/SKRIPSI/PROJECT/Final/ipcore_dir/rect0_h_rom.vhd 2019/12/30.21:41:26 P.20131013
EN work/rect0_h_rom 1582354842 \
      FL C:/Users/Jason/Desktop/SKRIPSI/PROJECT/Final/ipcore_dir/rect0_h_rom.vhd \
      PB ieee/std_logic_1164 1381692176
AR work/rect0_h_rom/rect0_h_rom_a 1582354843 \
      FL C:/Users/Jason/Desktop/SKRIPSI/PROJECT/Final/ipcore_dir/rect0_h_rom.vhd \
      EN work/rect0_h_rom 1582354842
FL C:/Users/Jason/Desktop/SKRIPSI/PROJECT/Final/ipcore_dir/rect0_weight_rom.vhd 2019/12/31.19:44:03 P.20131013
EN work/rect0_weight_rom 1582354844 \
      FL C:/Users/Jason/Desktop/SKRIPSI/PROJECT/Final/ipcore_dir/rect0_weight_rom.vhd \
      PB ieee/std_logic_1164 1381692176
AR work/rect0_weight_rom/rect0_weight_rom_a 1582354845 \
      FL C:/Users/Jason/Desktop/SKRIPSI/PROJECT/Final/ipcore_dir/rect0_weight_rom.vhd \
      EN work/rect0_weight_rom 1582354844
FL C:/Users/Jason/Desktop/SKRIPSI/PROJECT/Final/ipcore_dir/rect0_w_rom.vhd 2019/12/30.21:38:25 P.20131013
EN work/rect0_w_rom 1582354840 \
      FL C:/Users/Jason/Desktop/SKRIPSI/PROJECT/Final/ipcore_dir/rect0_w_rom.vhd \
      PB ieee/std_logic_1164 1381692176
AR work/rect0_w_rom/rect0_w_rom_a 1582354841 \
      FL C:/Users/Jason/Desktop/SKRIPSI/PROJECT/Final/ipcore_dir/rect0_w_rom.vhd \
      EN work/rect0_w_rom 1582354840
FL C:/Users/Jason/Desktop/SKRIPSI/PROJECT/Final/ipcore_dir/rect0_x_rom.vhd 2019/12/30.21:32:44 P.20131013
EN work/rect0_x_rom 1582354836 \
      FL C:/Users/Jason/Desktop/SKRIPSI/PROJECT/Final/ipcore_dir/rect0_x_rom.vhd \
      PB ieee/std_logic_1164 1381692176
AR work/rect0_x_rom/rect0_x_rom_a 1582354837 \
      FL C:/Users/Jason/Desktop/SKRIPSI/PROJECT/Final/ipcore_dir/rect0_x_rom.vhd \
      EN work/rect0_x_rom 1582354836
FL C:/Users/Jason/Desktop/SKRIPSI/PROJECT/Final/ipcore_dir/rect0_y_rom.vhd 2019/12/30.21:35:30 P.20131013
EN work/rect0_y_rom 1582354838 \
      FL C:/Users/Jason/Desktop/SKRIPSI/PROJECT/Final/ipcore_dir/rect0_y_rom.vhd \
      PB ieee/std_logic_1164 1381692176
AR work/rect0_y_rom/rect0_y_rom_a 1582354839 \
      FL C:/Users/Jason/Desktop/SKRIPSI/PROJECT/Final/ipcore_dir/rect0_y_rom.vhd \
      EN work/rect0_y_rom 1582354838
FL C:/Users/Jason/Desktop/SKRIPSI/PROJECT/Final/ipcore_dir/rect1_h_rom.vhd 2019/12/30.22:01:43 P.20131013
EN work/rect1_h_rom 1582354852 \
      FL C:/Users/Jason/Desktop/SKRIPSI/PROJECT/Final/ipcore_dir/rect1_h_rom.vhd \
      PB ieee/std_logic_1164 1381692176
AR work/rect1_h_rom/rect1_h_rom_a 1582354853 \
      FL C:/Users/Jason/Desktop/SKRIPSI/PROJECT/Final/ipcore_dir/rect1_h_rom.vhd \
      EN work/rect1_h_rom 1582354852
FL C:/Users/Jason/Desktop/SKRIPSI/PROJECT/Final/ipcore_dir/rect1_weight_rom.vhd 2019/12/31.19:48:58 P.20131013
EN work/rect1_weight_rom 1582354854 \
      FL C:/Users/Jason/Desktop/SKRIPSI/PROJECT/Final/ipcore_dir/rect1_weight_rom.vhd \
      PB ieee/std_logic_1164 1381692176
AR work/rect1_weight_rom/rect1_weight_rom_a 1582354855 \
      FL C:/Users/Jason/Desktop/SKRIPSI/PROJECT/Final/ipcore_dir/rect1_weight_rom.vhd \
      EN work/rect1_weight_rom 1582354854
FL C:/Users/Jason/Desktop/SKRIPSI/PROJECT/Final/ipcore_dir/rect1_w_rom.vhd 2019/12/30.21:58:20 P.20131013
EN work/rect1_w_rom 1582354850 \
      FL C:/Users/Jason/Desktop/SKRIPSI/PROJECT/Final/ipcore_dir/rect1_w_rom.vhd \
      PB ieee/std_logic_1164 1381692176
AR work/rect1_w_rom/rect1_w_rom_a 1582354851 \
      FL C:/Users/Jason/Desktop/SKRIPSI/PROJECT/Final/ipcore_dir/rect1_w_rom.vhd \
      EN work/rect1_w_rom 1582354850
FL C:/Users/Jason/Desktop/SKRIPSI/PROJECT/Final/ipcore_dir/rect1_x_rom.vhd 2019/12/30.21:50:12 P.20131013
EN work/rect1_x_rom 1582354846 \
      FL C:/Users/Jason/Desktop/SKRIPSI/PROJECT/Final/ipcore_dir/rect1_x_rom.vhd \
      PB ieee/std_logic_1164 1381692176
AR work/rect1_x_rom/rect1_x_rom_a 1582354847 \
      FL C:/Users/Jason/Desktop/SKRIPSI/PROJECT/Final/ipcore_dir/rect1_x_rom.vhd \
      EN work/rect1_x_rom 1582354846
FL C:/Users/Jason/Desktop/SKRIPSI/PROJECT/Final/ipcore_dir/rect1_y_rom.vhd 2019/12/30.21:53:38 P.20131013
EN work/rect1_y_rom 1582354848 \
      FL C:/Users/Jason/Desktop/SKRIPSI/PROJECT/Final/ipcore_dir/rect1_y_rom.vhd \
      PB ieee/std_logic_1164 1381692176
AR work/rect1_y_rom/rect1_y_rom_a 1582354849 \
      FL C:/Users/Jason/Desktop/SKRIPSI/PROJECT/Final/ipcore_dir/rect1_y_rom.vhd \
      EN work/rect1_y_rom 1582354848
FL C:/Users/Jason/Desktop/SKRIPSI/PROJECT/Final/ipcore_dir/rect2_h_rom.vhd 2019/12/30.22:13:47 P.20131013
EN work/rect2_h_rom 1582354862 \
      FL C:/Users/Jason/Desktop/SKRIPSI/PROJECT/Final/ipcore_dir/rect2_h_rom.vhd \
      PB ieee/std_logic_1164 1381692176
AR work/rect2_h_rom/rect2_h_rom_a 1582354863 \
      FL C:/Users/Jason/Desktop/SKRIPSI/PROJECT/Final/ipcore_dir/rect2_h_rom.vhd \
      EN work/rect2_h_rom 1582354862
FL C:/Users/Jason/Desktop/SKRIPSI/PROJECT/Final/ipcore_dir/rect2_weight_rom.vhd 2019/12/30.22:16:23 P.20131013
EN work/rect2_weight_rom 1582354864 \
      FL C:/Users/Jason/Desktop/SKRIPSI/PROJECT/Final/ipcore_dir/rect2_weight_rom.vhd \
      PB ieee/std_logic_1164 1381692176
AR work/rect2_weight_rom/rect2_weight_rom_a 1582354865 \
      FL C:/Users/Jason/Desktop/SKRIPSI/PROJECT/Final/ipcore_dir/rect2_weight_rom.vhd \
      EN work/rect2_weight_rom 1582354864
FL C:/Users/Jason/Desktop/SKRIPSI/PROJECT/Final/ipcore_dir/rect2_w_rom.vhd 2019/12/30.22:11:16 P.20131013
EN work/rect2_w_rom 1582354860 \
      FL C:/Users/Jason/Desktop/SKRIPSI/PROJECT/Final/ipcore_dir/rect2_w_rom.vhd \
      PB ieee/std_logic_1164 1381692176
AR work/rect2_w_rom/rect2_w_rom_a 1582354861 \
      FL C:/Users/Jason/Desktop/SKRIPSI/PROJECT/Final/ipcore_dir/rect2_w_rom.vhd \
      EN work/rect2_w_rom 1582354860
FL C:/Users/Jason/Desktop/SKRIPSI/PROJECT/Final/ipcore_dir/rect2_x_rom.vhd 2019/12/30.22:06:08 P.20131013
EN work/rect2_x_rom 1582354856 \
      FL C:/Users/Jason/Desktop/SKRIPSI/PROJECT/Final/ipcore_dir/rect2_x_rom.vhd \
      PB ieee/std_logic_1164 1381692176
AR work/rect2_x_rom/rect2_x_rom_a 1582354857 \
      FL C:/Users/Jason/Desktop/SKRIPSI/PROJECT/Final/ipcore_dir/rect2_x_rom.vhd \
      EN work/rect2_x_rom 1582354856
FL C:/Users/Jason/Desktop/SKRIPSI/PROJECT/Final/ipcore_dir/rect2_y_rom.vhd 2019/12/30.22:08:55 P.20131013
EN work/rect2_y_rom 1582354858 \
      FL C:/Users/Jason/Desktop/SKRIPSI/PROJECT/Final/ipcore_dir/rect2_y_rom.vhd \
      PB ieee/std_logic_1164 1381692176
AR work/rect2_y_rom/rect2_y_rom_a 1582354859 \
      FL C:/Users/Jason/Desktop/SKRIPSI/PROJECT/Final/ipcore_dir/rect2_y_rom.vhd \
      EN work/rect2_y_rom 1582354858
FL C:/Users/Jason/Desktop/SKRIPSI/PROJECT/Final/ipcore_dir/rightLeaves_rom.vhd 2020/01/02.22:43:54 P.20131013
EN work/rightLeaves_rom 1582354834 \
      FL C:/Users/Jason/Desktop/SKRIPSI/PROJECT/Final/ipcore_dir/rightLeaves_rom.vhd \
      PB ieee/std_logic_1164 1381692176
AR work/rightLeaves_rom/rightLeaves_rom_a 1582354835 \
      FL C:/Users/Jason/Desktop/SKRIPSI/PROJECT/Final/ipcore_dir/rightLeaves_rom.vhd \
      EN work/rightLeaves_rom 1582354834
FL C:/Users/Jason/Desktop/SKRIPSI/PROJECT/Final/ipcore_dir/sqrt.vhd 2020/01/02.10:18:02 P.20131013
EN work/sqrt 1582354800 \
      FL C:/Users/Jason/Desktop/SKRIPSI/PROJECT/Final/ipcore_dir/sqrt.vhd \
      PB ieee/std_logic_1164 1381692176
AR work/sqrt/sqrt_a 1582354801 \
      FL C:/Users/Jason/Desktop/SKRIPSI/PROJECT/Final/ipcore_dir/sqrt.vhd \
      EN work/sqrt 1582354800
FL C:/Users/Jason/Desktop/SKRIPSI/PROJECT/Final/ipcore_dir/strongThresh_rom.vhd 2019/12/30.21:20:25 P.20131013
EN work/strongThresh_rom 1582354826 \
      FL C:/Users/Jason/Desktop/SKRIPSI/PROJECT/Final/ipcore_dir/strongThresh_rom.vhd \
      PB ieee/std_logic_1164 1381692176
AR work/strongThresh_rom/strongThresh_rom_a 1582354827 \
      FL C:/Users/Jason/Desktop/SKRIPSI/PROJECT/Final/ipcore_dir/strongThresh_rom.vhd \
      EN work/strongThresh_rom 1582354826
FL C:/Users/Jason/Desktop/SKRIPSI/PROJECT/Final/ipcore_dir/weakStageNum_rom.vhd 2019/12/30.21:16:40 P.20131013
EN work/weakStageNum_rom 1582354828 \
      FL C:/Users/Jason/Desktop/SKRIPSI/PROJECT/Final/ipcore_dir/weakStageNum_rom.vhd \
      PB ieee/std_logic_1164 1381692176
AR work/weakStageNum_rom/weakStageNum_rom_a 1582354829 \
      FL C:/Users/Jason/Desktop/SKRIPSI/PROJECT/Final/ipcore_dir/weakStageNum_rom.vhd \
      EN work/weakStageNum_rom 1582354828
FL C:/Users/Jason/Desktop/SKRIPSI/PROJECT/Final/ipcore_dir/weakTresh_rom.vhd 2020/01/02.21:36:16 P.20131013
EN work/weakTresh_rom 1582354830 \
      FL C:/Users/Jason/Desktop/SKRIPSI/PROJECT/Final/ipcore_dir/weakTresh_rom.vhd \
      PB ieee/std_logic_1164 1381692176
AR work/weakTresh_rom/weakTresh_rom_a 1582354831 \
      FL C:/Users/Jason/Desktop/SKRIPSI/PROJECT/Final/ipcore_dir/weakTresh_rom.vhd \
      EN work/weakTresh_rom 1582354830
FL C:/Users/Jason/Desktop/SKRIPSI/PROJECT/Final/klasifikasi.vhd 2020/02/22.13:17:43 P.20131013
EN work/klasifikasi 1582354866 \
      FL C:/Users/Jason/Desktop/SKRIPSI/PROJECT/Final/klasifikasi.vhd \
      PB ieee/std_logic_1164 1381692176 PB ieee/NUMERIC_STD 1381692181
AR work/klasifikasi/Behavioral 1582354867 \
      FL C:/Users/Jason/Desktop/SKRIPSI/PROJECT/Final/klasifikasi.vhd \
      EN work/klasifikasi 1582354866 CP register_file CP register_file_4 \
      CP feature_calc CP variance_calc
FL C:/Users/Jason/Desktop/SKRIPSI/PROJECT/Final/mux2to1_1bit.vhd 2020/02/22.13:45:44 P.20131013
EN work/mux2to1_1bit 1582354890 \
      FL C:/Users/Jason/Desktop/SKRIPSI/PROJECT/Final/mux2to1_1bit.vhd \
      PB ieee/std_logic_1164 1381692176
AR work/mux2to1_1bit/Behavioral 1582354891 \
      FL C:/Users/Jason/Desktop/SKRIPSI/PROJECT/Final/mux2to1_1bit.vhd \
      EN work/mux2to1_1bit 1582354890
FL C:/Users/Jason/Desktop/SKRIPSI/PROJECT/Final/mux2to1_nbit.vhd 2020/02/22.13:50:11 P.20131013
EN work/mux2to1_nbit 1582354892 \
      FL C:/Users/Jason/Desktop/SKRIPSI/PROJECT/Final/mux2to1_nbit.vhd \
      PB ieee/std_logic_1164 1381692176
AR work/mux2to1_nbit/Behavioral 1582354893 \
      FL C:/Users/Jason/Desktop/SKRIPSI/PROJECT/Final/mux2to1_nbit.vhd \
      EN work/mux2to1_nbit 1582354892
FL C:/Users/Jason/Desktop/SKRIPSI/PROJECT/Final/processing_top.vhd 2020/02/22.13:48:58 P.20131013
EN work/processing_top 1582354880 \
      FL C:/Users/Jason/Desktop/SKRIPSI/PROJECT/Final/processing_top.vhd \
      PB ieee/std_logic_1164 1381692176 PB ieee/NUMERIC_STD 1381692181
AR work/processing_top/Behavioral 1582354881 \
      FL C:/Users/Jason/Desktop/SKRIPSI/PROJECT/Final/processing_top.vhd \
      EN work/processing_top 1582354880 CP ii_offset CP address_decoder \
      CP iix2_address_decoder CP counter CP strongthresh_rom CP weakstagenum_rom \
      CP weaktresh_rom CP leftleaves_rom CP rightleaves_rom CP rect0_x_rom \
      CP rect0_y_rom CP rect0_w_rom CP rect0_h_rom CP rect0_weight_rom \
      CP rect1_x_rom CP rect1_y_rom CP rect1_w_rom CP rect1_h_rom \
      CP rect1_weight_rom CP rect2_x_rom CP rect2_y_rom CP rect2_w_rom \
      CP rect2_h_rom CP rect2_weight_rom CP klasifikasi
FL C:/Users/Jason/Desktop/SKRIPSI/PROJECT/Final/register_file.vhd 2019/11/07.03:37:29 P.20131013
EN work/register_file 1582354804 \
      FL C:/Users/Jason/Desktop/SKRIPSI/PROJECT/Final/register_file.vhd \
      PB ieee/std_logic_1164 1381692176 PB ieee/NUMERIC_STD 1381692181
AR work/register_file/Behavioral 1582354805 \
      FL C:/Users/Jason/Desktop/SKRIPSI/PROJECT/Final/register_file.vhd \
      EN work/register_file 1582354804
FL C:/Users/Jason/Desktop/SKRIPSI/PROJECT/Final/register_file_4.vhd 2019/11/07.03:38:03 P.20131013
EN work/register_file_4 1582354806 \
      FL C:/Users/Jason/Desktop/SKRIPSI/PROJECT/Final/register_file_4.vhd \
      PB ieee/std_logic_1164 1381692176 PB ieee/NUMERIC_STD 1381692181
AR work/register_file_4/Behavioral 1582354807 \
      FL C:/Users/Jason/Desktop/SKRIPSI/PROJECT/Final/register_file_4.vhd \
      EN work/register_file_4 1582354806
FL C:/Users/Jason/Desktop/SKRIPSI/PROJECT/Final/rgb2grey.vhd 2020/01/18.20:06:55 P.20131013
EN work/rgb2grey 1582354868 \
      FL C:/Users/Jason/Desktop/SKRIPSI/PROJECT/Final/rgb2grey.vhd \
      PB ieee/std_logic_1164 1381692176 PB ieee/NUMERIC_STD 1381692181
AR work/rgb2grey/Behavioral 1582354869 \
      FL C:/Users/Jason/Desktop/SKRIPSI/PROJECT/Final/rgb2grey.vhd \
      EN work/rgb2grey 1582354868
FL C:/Users/Jason/Desktop/SKRIPSI/PROJECT/Final/synch_counter.vhd 2020/01/17.20:03:14 P.20131013
EN work/synch_counter 1582354818 \
      FL C:/Users/Jason/Desktop/SKRIPSI/PROJECT/Final/synch_counter.vhd \
      PB ieee/std_logic_1164 1381692176 PB ieee/NUMERIC_STD 1381692181
AR work/synch_counter/Behavioral 1582354819 \
      FL C:/Users/Jason/Desktop/SKRIPSI/PROJECT/Final/synch_counter.vhd \
      EN work/synch_counter 1582354818
FL C:/Users/Jason/Desktop/SKRIPSI/PROJECT/Final/top.vhd 2020/02/22.12:48:11 P.20131013
EN work/top 1582354894 FL C:/Users/Jason/Desktop/SKRIPSI/PROJECT/Final/top.vhd \
      PB ieee/std_logic_1164 1381692176 PB ieee/NUMERIC_STD 1381692181
AR work/top/Behavioral 1582354895 \
      FL C:/Users/Jason/Desktop/SKRIPSI/PROJECT/Final/top.vhd EN work/top 1582354894 \
      CP clk_pll CP image_buffer CP ii_gen_top CP ii_ram_buffer CP iix2_ram_buffer \
      CP processing_top CP draw CP vga_addr_gen CP vga_timing CP vga_color \
      CP mux2to1_1bit CP mux2to1_nbit
FL C:/Users/Jason/Desktop/SKRIPSI/PROJECT/Final/variance_calc.vhd 2020/02/22.13:59:50 P.20131013
EN work/variance_calc 1582354810 \
      FL C:/Users/Jason/Desktop/SKRIPSI/PROJECT/Final/variance_calc.vhd \
      PB ieee/std_logic_1164 1381692176 PB ieee/NUMERIC_STD 1381692181
AR work/variance_calc/Behavioral 1582354811 \
      FL C:/Users/Jason/Desktop/SKRIPSI/PROJECT/Final/variance_calc.vhd \
      EN work/variance_calc 1582354810 CP sqrt
FL C:/Users/Jason/Desktop/SKRIPSI/PROJECT/Final/vga_addr_gen.vhd 2020/02/22.13:44:34 P.20131013
EN work/vga_addr_gen 1582354884 \
      FL C:/Users/Jason/Desktop/SKRIPSI/PROJECT/Final/vga_addr_gen.vhd \
      PB ieee/std_logic_1164 1381692176 PB ieee/NUMERIC_STD 1381692181
AR work/vga_addr_gen/Behavioral 1582354885 \
      FL C:/Users/Jason/Desktop/SKRIPSI/PROJECT/Final/vga_addr_gen.vhd \
      EN work/vga_addr_gen 1582354884
FL C:/Users/Jason/Desktop/SKRIPSI/PROJECT/Final/vga_color.vhd 2020/01/11.11:39:21 P.20131013
EN work/vga_color 1582354888 \
      FL C:/Users/Jason/Desktop/SKRIPSI/PROJECT/Final/vga_color.vhd \
      PB ieee/std_logic_1164 1381692176 PB ieee/STD_LOGIC_UNSIGNED 1381692179 \
      PB ieee/NUMERIC_STD 1381692181
AR work/vga_color/Behavioral 1582354889 \
      FL C:/Users/Jason/Desktop/SKRIPSI/PROJECT/Final/vga_color.vhd \
      EN work/vga_color 1582354888
FL C:/Users/Jason/Desktop/SKRIPSI/PROJECT/Final/vga_timing.vhd 2020/01/22.03:17:05 P.20131013
EN work/vga_timing 1582354886 \
      FL C:/Users/Jason/Desktop/SKRIPSI/PROJECT/Final/vga_timing.vhd \
      PB ieee/std_logic_1164 1381692176 PB ieee/NUMERIC_STD 1381692181 \
      PB ieee/std_logic_arith 1381692177
AR work/vga_timing/Behavioral 1582354887 \
      FL C:/Users/Jason/Desktop/SKRIPSI/PROJECT/Final/vga_timing.vhd \
      EN work/vga_timing 1582354886
FL C:/Users/Jason/Desktop/SKRIPSI/PROJECT/Revisi1/address_decoder.vhd 2020/01/23.14:34:24 P.20131013
FL C:/Users/Jason/Desktop/SKRIPSI/PROJECT/Revisi1/clk_pll.vhd 2020/01/22.02:48:57 P.20131013
FL C:/Users/Jason/Desktop/SKRIPSI/PROJECT/Revisi1/counter.vhd 2019/12/27.10:23:49 P.20131013
FL C:/Users/Jason/Desktop/SKRIPSI/PROJECT/Revisi1/draw.vhd 2020/02/04.12:07:48 P.20131013
FL C:/Users/Jason/Desktop/SKRIPSI/PROJECT/Revisi1/feature_calc.vhd 2020/01/23.14:05:09 P.20131013
FL C:/Users/Jason/Desktop/SKRIPSI/PROJECT/Revisi1/f_rect_calc.vhd 2020/01/23.14:03:57 P.20131013
FL C:/Users/Jason/Desktop/SKRIPSI/PROJECT/Revisi1/iix2_address_decoder.vhd 2020/01/23.14:37:06 P.20131013
FL C:/Users/Jason/Desktop/SKRIPSI/PROJECT/Revisi1/ii_address_calculator.vhd 2020/01/23.14:30:11 P.20131013
FL C:/Users/Jason/Desktop/SKRIPSI/PROJECT/Revisi1/ii_gen_top.vhd 2020/01/29.03:54:38 P.20131013
FL C:/Users/Jason/Desktop/SKRIPSI/PROJECT/Revisi1/ii_offset.vhd 2020/01/30.02:38:55 P.20131013
FL C:/Users/Jason/Desktop/SKRIPSI/PROJECT/Revisi1/ipcore_dir/fifo2.vhd 2020/01/24.13:39:48 P.20131013
FL C:/Users/Jason/Desktop/SKRIPSI/PROJECT/Revisi1/ipcore_dir/FIFO_box_buff.vhd 2020/01/20.14:17:32 P.20131013
EN work/FIFO_box_buff 1579814288 \
      FL C:/Users/Jason/Desktop/SKRIPSI/PROJECT/Revisi1/ipcore_dir/FIFO_box_buff.vhd \
      PB ieee/std_logic_1164 1381692176
AR work/FIFO_box_buff/FIFO_box_buff_a 1579814289 \
      FL C:/Users/Jason/Desktop/SKRIPSI/PROJECT/Revisi1/ipcore_dir/FIFO_box_buff.vhd \
      EN work/FIFO_box_buff 1579814288
FL C:/Users/Jason/Desktop/SKRIPSI/PROJECT/Revisi1/ipcore_dir/iix2_ram_buffer.vhd 2020/01/22.15:18:59 P.20131013
FL C:/Users/Jason/Desktop/SKRIPSI/PROJECT/Revisi1/ipcore_dir/ii_ram_buffer.vhd 2020/01/22.15:12:08 P.20131013
FL C:/Users/Jason/Desktop/SKRIPSI/PROJECT/Revisi1/ipcore_dir/image_buffer.vhd 2020/02/04.12:35:09 P.20131013
FL C:/Users/Jason/Desktop/SKRIPSI/PROJECT/Revisi1/ipcore_dir/leftLeaves_rom.vhd 2020/01/02.22:42:28 P.20131013
FL C:/Users/Jason/Desktop/SKRIPSI/PROJECT/Revisi1/ipcore_dir/rect0_h_rom.vhd 2019/12/30.21:41:26 P.20131013
FL C:/Users/Jason/Desktop/SKRIPSI/PROJECT/Revisi1/ipcore_dir/rect0_weight_rom.vhd 2019/12/31.19:44:03 P.20131013
FL C:/Users/Jason/Desktop/SKRIPSI/PROJECT/Revisi1/ipcore_dir/rect0_w_rom.vhd 2019/12/30.21:38:25 P.20131013
FL C:/Users/Jason/Desktop/SKRIPSI/PROJECT/Revisi1/ipcore_dir/rect0_x_rom.vhd 2019/12/30.21:32:44 P.20131013
FL C:/Users/Jason/Desktop/SKRIPSI/PROJECT/Revisi1/ipcore_dir/rect0_y_rom.vhd 2019/12/30.21:35:30 P.20131013
FL C:/Users/Jason/Desktop/SKRIPSI/PROJECT/Revisi1/ipcore_dir/rect1_h_rom.vhd 2019/12/30.22:01:43 P.20131013
FL C:/Users/Jason/Desktop/SKRIPSI/PROJECT/Revisi1/ipcore_dir/rect1_weight_rom.vhd 2019/12/31.19:48:58 P.20131013
FL C:/Users/Jason/Desktop/SKRIPSI/PROJECT/Revisi1/ipcore_dir/rect1_w_rom.vhd 2019/12/30.21:58:20 P.20131013
FL C:/Users/Jason/Desktop/SKRIPSI/PROJECT/Revisi1/ipcore_dir/rect1_x_rom.vhd 2019/12/30.21:50:12 P.20131013
FL C:/Users/Jason/Desktop/SKRIPSI/PROJECT/Revisi1/ipcore_dir/rect1_y_rom.vhd 2019/12/30.21:53:38 P.20131013
FL C:/Users/Jason/Desktop/SKRIPSI/PROJECT/Revisi1/ipcore_dir/rect2_h_rom.vhd 2019/12/30.22:13:47 P.20131013
FL C:/Users/Jason/Desktop/SKRIPSI/PROJECT/Revisi1/ipcore_dir/rect2_weight_rom.vhd 2019/12/30.22:16:23 P.20131013
FL C:/Users/Jason/Desktop/SKRIPSI/PROJECT/Revisi1/ipcore_dir/rect2_w_rom.vhd 2019/12/30.22:11:16 P.20131013
FL C:/Users/Jason/Desktop/SKRIPSI/PROJECT/Revisi1/ipcore_dir/rect2_x_rom.vhd 2019/12/30.22:06:08 P.20131013
FL C:/Users/Jason/Desktop/SKRIPSI/PROJECT/Revisi1/ipcore_dir/rect2_y_rom.vhd 2019/12/30.22:08:55 P.20131013
FL C:/Users/Jason/Desktop/SKRIPSI/PROJECT/Revisi1/ipcore_dir/rightLeaves_rom.vhd 2020/01/02.22:43:54 P.20131013
FL C:/Users/Jason/Desktop/SKRIPSI/PROJECT/Revisi1/ipcore_dir/sqrt.vhd 2020/01/02.10:18:02 P.20131013
FL C:/Users/Jason/Desktop/SKRIPSI/PROJECT/Revisi1/ipcore_dir/strongThresh_rom.vhd 2019/12/30.21:20:25 P.20131013
FL C:/Users/Jason/Desktop/SKRIPSI/PROJECT/Revisi1/ipcore_dir/weakStageNum_rom.vhd 2019/12/30.21:16:40 P.20131013
FL C:/Users/Jason/Desktop/SKRIPSI/PROJECT/Revisi1/ipcore_dir/weakTresh_rom.vhd 2020/01/02.21:36:16 P.20131013
FL C:/Users/Jason/Desktop/SKRIPSI/PROJECT/Revisi1/klasifikasi.vhd 2020/01/23.15:20:46 P.20131013
FL C:/Users/Jason/Desktop/SKRIPSI/PROJECT/Revisi1/mux2to1_1bit.vhd 2020/01/18.08:20:52 P.20131013
FL C:/Users/Jason/Desktop/SKRIPSI/PROJECT/Revisi1/mux2to1_nbit.vhd 2020/01/26.12:42:19 P.20131013
FL C:/Users/Jason/Desktop/SKRIPSI/PROJECT/Revisi1/processing_top.vhd 2020/01/30.02:31:09 P.20131013
FL C:/Users/Jason/Desktop/SKRIPSI/PROJECT/Revisi1/register_file.vhd 2019/11/07.03:37:29 P.20131013
FL C:/Users/Jason/Desktop/SKRIPSI/PROJECT/Revisi1/register_file_4.vhd 2019/11/07.03:38:03 P.20131013
FL C:/Users/Jason/Desktop/SKRIPSI/PROJECT/Revisi1/rgb2grey.vhd 2020/01/18.20:06:55 P.20131013
FL C:/Users/Jason/Desktop/SKRIPSI/PROJECT/Revisi1/synch_counter.vhd 2020/01/17.20:03:14 P.20131013
FL C:/Users/Jason/Desktop/SKRIPSI/PROJECT/Revisi1/top.vhd 2020/02/04.11:47:32 P.20131013
FL C:/Users/Jason/Desktop/SKRIPSI/PROJECT/Revisi1/variance_calc.vhd 2020/01/23.14:04:58 P.20131013
FL C:/Users/Jason/Desktop/SKRIPSI/PROJECT/Revisi1/vga_addr_gen.vhd 2020/01/22.03:17:54 P.20131013
FL C:/Users/Jason/Desktop/SKRIPSI/PROJECT/Revisi1/vga_color.vhd 2020/01/11.11:39:21 P.20131013
FL C:/Users/Jason/Desktop/SKRIPSI/PROJECT/Revisi1/vga_timing.vhd 2020/01/22.03:17:05 P.20131013
FL C:/Users/Jason/Desktop/SKRIPSI/PROJECT/Revisi1a/address_decoder.vhd 2020/01/23.14:34:24 P.20131013
FL C:/Users/Jason/Desktop/SKRIPSI/PROJECT/Revisi1a/clk_pll.vhd 2020/01/22.02:48:57 P.20131013
FL C:/Users/Jason/Desktop/SKRIPSI/PROJECT/Revisi1a/counter.vhd 2020/02/18.18:09:20 P.20131013
FL C:/Users/Jason/Desktop/SKRIPSI/PROJECT/Revisi1a/draw.vhd 2020/02/21.05:32:09 P.20131013
FL C:/Users/Jason/Desktop/SKRIPSI/PROJECT/Revisi1a/feature_calc.vhd 2020/01/23.14:05:09 P.20131013
FL C:/Users/Jason/Desktop/SKRIPSI/PROJECT/Revisi1a/f_rect_calc.vhd 2020/01/23.14:03:57 P.20131013
FL C:/Users/Jason/Desktop/SKRIPSI/PROJECT/Revisi1a/iix2_address_decoder.vhd 2020/01/23.14:37:06 P.20131013
FL C:/Users/Jason/Desktop/SKRIPSI/PROJECT/Revisi1a/ii_address_calculator.vhd 2020/01/23.14:30:11 P.20131013
FL C:/Users/Jason/Desktop/SKRIPSI/PROJECT/Revisi1a/ii_gen_top.vhd 2020/01/29.03:54:38 P.20131013
FL C:/Users/Jason/Desktop/SKRIPSI/PROJECT/Revisi1a/ii_offset.vhd 2020/01/30.02:38:55 P.20131013
FL C:/Users/Jason/Desktop/SKRIPSI/PROJECT/Revisi1a/ipcore_dir/fifo2.vhd 2020/01/24.13:39:48 P.20131013
FL C:/Users/Jason/Desktop/SKRIPSI/PROJECT/Revisi1a/ipcore_dir/iix2_ram_buffer.vhd 2020/01/22.15:18:59 P.20131013
FL C:/Users/Jason/Desktop/SKRIPSI/PROJECT/Revisi1a/ipcore_dir/ii_ram_buffer.vhd 2020/01/22.15:12:08 P.20131013
FL C:/Users/Jason/Desktop/SKRIPSI/PROJECT/Revisi1a/ipcore_dir/image_buffer.vhd 2020/02/04.12:35:09 P.20131013
FL C:/Users/Jason/Desktop/SKRIPSI/PROJECT/Revisi1a/ipcore_dir/leftLeaves_rom.vhd 2020/01/02.22:42:28 P.20131013
FL C:/Users/Jason/Desktop/SKRIPSI/PROJECT/Revisi1a/ipcore_dir/rect0_h_rom.vhd 2019/12/30.21:41:26 P.20131013
FL C:/Users/Jason/Desktop/SKRIPSI/PROJECT/Revisi1a/ipcore_dir/rect0_weight_rom.vhd 2019/12/31.19:44:03 P.20131013
FL C:/Users/Jason/Desktop/SKRIPSI/PROJECT/Revisi1a/ipcore_dir/rect0_w_rom.vhd 2019/12/30.21:38:25 P.20131013
FL C:/Users/Jason/Desktop/SKRIPSI/PROJECT/Revisi1a/ipcore_dir/rect0_x_rom.vhd 2019/12/30.21:32:44 P.20131013
FL C:/Users/Jason/Desktop/SKRIPSI/PROJECT/Revisi1a/ipcore_dir/rect0_y_rom.vhd 2019/12/30.21:35:30 P.20131013
FL C:/Users/Jason/Desktop/SKRIPSI/PROJECT/Revisi1a/ipcore_dir/rect1_h_rom.vhd 2019/12/30.22:01:43 P.20131013
FL C:/Users/Jason/Desktop/SKRIPSI/PROJECT/Revisi1a/ipcore_dir/rect1_weight_rom.vhd 2019/12/31.19:48:58 P.20131013
FL C:/Users/Jason/Desktop/SKRIPSI/PROJECT/Revisi1a/ipcore_dir/rect1_w_rom.vhd 2019/12/30.21:58:20 P.20131013
FL C:/Users/Jason/Desktop/SKRIPSI/PROJECT/Revisi1a/ipcore_dir/rect1_x_rom.vhd 2019/12/30.21:50:12 P.20131013
FL C:/Users/Jason/Desktop/SKRIPSI/PROJECT/Revisi1a/ipcore_dir/rect1_y_rom.vhd 2019/12/30.21:53:38 P.20131013
FL C:/Users/Jason/Desktop/SKRIPSI/PROJECT/Revisi1a/ipcore_dir/rect2_h_rom.vhd 2019/12/30.22:13:47 P.20131013
FL C:/Users/Jason/Desktop/SKRIPSI/PROJECT/Revisi1a/ipcore_dir/rect2_weight_rom.vhd 2019/12/30.22:16:23 P.20131013
FL C:/Users/Jason/Desktop/SKRIPSI/PROJECT/Revisi1a/ipcore_dir/rect2_w_rom.vhd 2019/12/30.22:11:16 P.20131013
FL C:/Users/Jason/Desktop/SKRIPSI/PROJECT/Revisi1a/ipcore_dir/rect2_x_rom.vhd 2019/12/30.22:06:08 P.20131013
FL C:/Users/Jason/Desktop/SKRIPSI/PROJECT/Revisi1a/ipcore_dir/rect2_y_rom.vhd 2019/12/30.22:08:55 P.20131013
FL C:/Users/Jason/Desktop/SKRIPSI/PROJECT/Revisi1a/ipcore_dir/rightLeaves_rom.vhd 2020/01/02.22:43:54 P.20131013
FL C:/Users/Jason/Desktop/SKRIPSI/PROJECT/Revisi1a/ipcore_dir/sqrt.vhd 2020/01/02.10:18:02 P.20131013
FL C:/Users/Jason/Desktop/SKRIPSI/PROJECT/Revisi1a/ipcore_dir/strongThresh_rom.vhd 2019/12/30.21:20:25 P.20131013
FL C:/Users/Jason/Desktop/SKRIPSI/PROJECT/Revisi1a/ipcore_dir/weakStageNum_rom.vhd 2019/12/30.21:16:40 P.20131013
FL C:/Users/Jason/Desktop/SKRIPSI/PROJECT/Revisi1a/ipcore_dir/weakTresh_rom.vhd 2020/01/02.21:36:16 P.20131013
FL C:/Users/Jason/Desktop/SKRIPSI/PROJECT/Revisi1a/klasifikasi.vhd 2020/01/23.15:20:46 P.20131013
FL C:/Users/Jason/Desktop/SKRIPSI/PROJECT/Revisi1a/mux2to1_1bit.vhd 2020/01/18.08:20:52 P.20131013
FL C:/Users/Jason/Desktop/SKRIPSI/PROJECT/Revisi1a/mux2to1_nbit.vhd 2020/01/26.12:42:19 P.20131013
FL C:/Users/Jason/Desktop/SKRIPSI/PROJECT/Revisi1a/processing_top.vhd 2020/01/30.02:31:09 P.20131013
FL C:/Users/Jason/Desktop/SKRIPSI/PROJECT/Revisi1a/register_file.vhd 2019/11/07.03:37:29 P.20131013
FL C:/Users/Jason/Desktop/SKRIPSI/PROJECT/Revisi1a/register_file_4.vhd 2019/11/07.03:38:03 P.20131013
FL C:/Users/Jason/Desktop/SKRIPSI/PROJECT/Revisi1a/rgb2grey.vhd 2020/01/18.20:06:55 P.20131013
FL C:/Users/Jason/Desktop/SKRIPSI/PROJECT/Revisi1a/synch_counter.vhd 2020/01/17.20:03:14 P.20131013
FL C:/Users/Jason/Desktop/SKRIPSI/PROJECT/Revisi1a/top.vhd 2020/02/21.04:40:44 P.20131013
FL C:/Users/Jason/Desktop/SKRIPSI/PROJECT/Revisi1a/variance_calc.vhd 2020/01/23.14:04:58 P.20131013
FL C:/Users/Jason/Desktop/SKRIPSI/PROJECT/Revisi1a/vga_addr_gen.vhd 2020/01/22.03:17:54 P.20131013
FL C:/Users/Jason/Desktop/SKRIPSI/PROJECT/Revisi1a/vga_color.vhd 2020/01/11.11:39:21 P.20131013
FL C:/Users/Jason/Desktop/SKRIPSI/PROJECT/Revisi1a/vga_timing.vhd 2020/01/22.03:17:05 P.20131013
